tests/Nonterminal.lean:17:2: warning: aesop: failed to prove the goal after exhaustive search.
tests/Nonterminal.lean:25:2: warning: aesop: failed to prove the goal after exhaustive search.
tests/Nonterminal.lean:24:21: error: unsolved goals
⊢ False
tests/Nonterminal.lean:27:21: error: unsolved goals
⊢ MyFalse
tests/Nonterminal.lean:30:21: error: unsolved goals
⊢ False
tests/Nonterminal.lean:39:2: warning: aesop: failed to prove the goal after exhaustive search.
tests/Nonterminal.lean:38:22: error: unsolved goals
case falso
⊢ False

case tt
⊢ MyTrue₁
